xmelab(64): 22.03-s012: (c) Copyright 1995-2023 Cadence Design Systems, Inc.
TOOL:	xmelab(64)	22.03-s012: Started on Aug 12, 2026 at 06:43:49 KST
xmelab
    -MESS
    -access rwc
    tb_sequence_detector

	Elaborating the design hierarchy:
		Caching library 'work_lib' ....... Done
	Building instance overlay tables: .................... Done
	Generating native compiled code:
		work_lib.sequence_detector:module <0x4df5a2db>
			streams:   5, words:  3046
		work_lib.tb_sequence_detector:module <0x425bb9ea>
			streams:   8, words: 10572
	Building instance specific data structures.
	Loading native compiled code:     .................... Done
	Design hierarchy summary:
		                 Instances  Unique
		Modules:                 2       2
		Registers:               5       5
		Scalar wires:            4       -
		Always blocks:           2       2
		Initial blocks:          4       4
		Cont. assignments:       1       1
		Pseudo assignments:      3       3
		Simulation timescale:  1ps
	Writing initial simulation snapshot: work_lib.tb_sequence_detector:module
TOOL:	xmelab(64)	22.03-s012: Exiting on Aug 12, 2026 at 06:43:49 KST  (total: 00:00:00)
