xmelab(64): 22.03-s012: (c) Copyright 1995-2023 Cadence Design Systems, Inc.
TOOL:	xmelab(64)	22.03-s012: Started on Aug 12, 2026 at 07:06:39 KST
xmelab
    -MESS
    -access rwc
    tb_debouncer

	Elaborating the design hierarchy:
		Caching library 'work_lib' ....... Done
	Building instance overlay tables: .................... Done
	Generating native compiled code:
		work_lib.debouncer:module <0x3bce0aa8>
			streams:   6, words:  1753
		work_lib.tb_debouncer:module <0x013f6235>
			streams:   8, words:  7628
	Building instance specific data structures.
	Loading native compiled code:     .................... Done
	Design hierarchy summary:
		                 Instances  Unique
		Modules:                 2       2
		Registers:               5       5
		Scalar wires:            4       -
		Always blocks:           1       1
		Initial blocks:          4       4
		Cont. assignments:       1       1
		Pseudo assignments:      3       3
		Simulation timescale:  1ps
	Writing initial simulation snapshot: work_lib.tb_debouncer:module
TOOL:	xmelab(64)	22.03-s012: Exiting on Aug 12, 2026 at 07:06:39 KST  (total: 00:00:00)
