xmsim(64): 22.03-s012: (c) Copyright 1995-2023 Cadence Design Systems, Inc.
TOOL:	xmsim(64)	22.03-s012: Started on Aug 12, 2026 at 07:06:39 KST
xmsim
    -gui
    -MESS
    tb_debouncer

xmsim: *W,NOMTDGUI: Multi-Threaded Dumping is disabled for interactive debug mode.

-------------------------------------
Relinquished control to SimVision...
xcelium> 
xcelium> database -open waves -into waves.shm -default
Created default SHM database waves
xcelium> probe -create -shm tb_debouncer.i_btn tb_debouncer.i_clk tb_debouncer.i_rst_n tb_debouncer.o_btn
Created probe 1
xcelium> run
TIME = 0 | BTN = 0 | OUT = 0
TIME = 20000 | BTN = 1 | OUT = 0
TIME = 35000 | BTN = 1 | OUT = 1
TIME = 50000 | BTN = 0 | OUT = 1
TIME = 65000 | BTN = 0 | OUT = 0
TIME = 70000 | BTN = 1 | OUT = 0
TIME = 85000 | BTN = 1 | OUT = 1
Simulation complete via $finish(1) at time 100 NS + 0
./tb_debouncer.v:41 	#30 $finish;
xcelium> ^C
xcelium> exit
TOOL:	xmsim(64)	22.03-s012: Exiting on Aug 12, 2026 at 07:07:20 KST  (total: 00:00:41)
