xmsim(64): 22.03-s012: (c) Copyright 1995-2023 Cadence Design Systems, Inc.
TOOL:	xmsim(64)	22.03-s012: Started on Aug 12, 2026 at 00:41:29 KST
xmsim
    -gui
    -MESS
    tb_bcd_to_7seg

xmsim: *W,NOMTDGUI: Multi-Threaded Dumping is disabled for interactive debug mode.

-------------------------------------
Relinquished control to SimVision...
xcelium> 
xcelium> database -open waves -into waves.shm -default
Created default SHM database waves
xcelium> probe -create -shm tb_bcd_to_7seg.i_bcd tb_bcd_to_7seg.o_seg
Created probe 1
xcelium> run
TIME = 0 | BCD =          0 | SEG = 1111110 
TIME = 10000 | BCD =          1 | SEG = 0110000 
TIME = 20000 | BCD =          2 | SEG = 1101101 
TIME = 30000 | BCD =          3 | SEG = 1111001 
TIME = 40000 | BCD =          4 | SEG = 0110011 
TIME = 50000 | BCD =          5 | SEG = 1011011 
TIME = 60000 | BCD =          6 | SEG = 1011111 
TIME = 70000 | BCD =          7 | SEG = 1110000 
TIME = 80000 | BCD =          8 | SEG = 1111111 
TIME = 90000 | BCD =          9 | SEG = 1111011 
TIME = 100000 | BCD =         10 | SEG = 0000000 
Simulation complete via $finish(1) at time 110 NS + 0
./tb_bcd_to_7seg.v:29 	#10 $finish;
xcelium> ^C
xcelium> exit
TOOL:	xmsim(64)	22.03-s012: Exiting on Aug 12, 2026 at 00:42:16 KST  (total: 00:00:47)
