xmelab(64): 22.03-s012: (c) Copyright 1995-2023 Cadence Design Systems, Inc.
TOOL:	xmelab(64)	22.03-s012: Started on Aug 11, 2026 at 07:42:51 KST
xmelab
    -MESS
    -access rwc
    tb_subtractor

	Elaborating the design hierarchy:
		Caching library 'work_lib' ....... Done
	.o_cout	(w_cout	)
	       	      |
xmelab: *W,CUVMPW (./subtractor.v,30|15): port sizes differ in port connection(1/32) for the instance(tb_subtractor.u_subtractor) .
	Building instance overlay tables: .................... Done
	Generating native compiled code:
		work_lib.half_adder:module <0x4e87803b>
			streams:   0, words:     0
		work_lib.full_adder:module <0x7f313fd4>
			streams:   0, words:     0
		work_lib.subtractor:module <0x2ce8a9ed>
			streams:   2, words:   410
		work_lib.tb_subtractor:module <0x1d9b196e>
			streams:   6, words: 10456
		work_lib.ripple_carry_adder:module <0x320ddd8f>
			streams:   1, words:   448
	Building instance specific data structures.
	Loading native compiled code:     .................... Done
	Design hierarchy summary:
		                 Instances  Unique
		Modules:                99       5
		Registers:               2       2
		Scalar wires:          163       -
		Expanded wires:         96       3
		Vectored wires:          1       -
		Initial blocks:          3       3
		Cont. assignments:       2       7
		Pseudo assignments:      3       3
		Simulation timescale:  1ps
	Writing initial simulation snapshot: work_lib.tb_subtractor:module
TOOL:	xmelab(64)	22.03-s012: Exiting on Aug 11, 2026 at 07:42:51 KST  (total: 00:00:00)
