xmsim(64): 22.03-s012: (c) Copyright 1995-2023 Cadence Design Systems, Inc.
TOOL:	xmsim(64)	22.03-s012: Started on Aug 11, 2026 at 07:42:51 KST
xmsim
    -gui
    -MESS
    tb_subtractor

xmsim: *W,NOMTDGUI: Multi-Threaded Dumping is disabled for interactive debug mode.

-------------------------------------
Relinquished control to SimVision...
xcelium> 
xcelium> database -open waves -into waves.shm -default
Created default SHM database waves
xcelium> probe -create -shm tb_subtractor.i_a tb_subtractor.i_b tb_subtractor.o_borrow tb_subtractor.o_diff
Created probe 1
xcelium> run
Time = 0 | A = 00000000 | B = 00000000 | DIFF = 00000001 | BORROW = 1
Time = 10000 | A = 00000005 | B = 00000003 | DIFF = 00000009 | BORROW = 1
Time = 20000 | A = 0000000a | B = 00000005 | DIFF = 00000010 | BORROW = 1
Time = 30000 | A = 12345678 | B = 11111111 | DIFF = 2345678a | BORROW = 1
Time = 40000 | A = 00000000 | B = 00000001 | DIFF = 00000002 | BORROW = 1
Time = 50000 | A = 00000001 | B = 00000005 | DIFF = 00000007 | BORROW = 1
Time = 60000 | A = ffffffff | B = 00000001 | DIFF = 00000001 | BORROW = 0
Time = 70000 | A = aaaaaaaa | B = aaaaaaaa | DIFF = 55555555 | BORROW = 0
Simulation complete via $finish(1) at time 80 NS + 0
./tb_subtractor.v:67 	$finish;
xcelium> ^C
xcelium> exit
TOOL:	xmsim(64)	22.03-s012: Exiting on Aug 11, 2026 at 07:51:28 KST  (total: 00:08:37)
