xmsim(64): 22.03-s012: (c) Copyright 1995-2023 Cadence Design Systems, Inc.
TOOL:	xmsim(64)	22.03-s012: Started on Aug 11, 2026 at 22:53:20 KST
xmsim
    -gui
    -MESS
    tb_parity

xmsim: *W,NOMTDGUI: Multi-Threaded Dumping is disabled for interactive debug mode.

-------------------------------------
Relinquished control to SimVision...
xcelium> 
xcelium> database -open waves -into waves.shm -default
Created default SHM database waves
xcelium> probe -create -shm tb_parity.i_din tb_parity.o_even tb_parity.o_odd
Created probe 1
xcelium> run
TIME = 0 | DIN = 00000000 | EVEN = 1 | ODD = 0 
TIME = 10000 | DIN = 00000001 | EVEN = 0 | ODD = 1 
TIME = 20000 | DIN = 00000003 | EVEN = 1 | ODD = 0 
TIME = 30000 | DIN = ffffffff | EVEN = 1 | ODD = 0 
TIME = 40000 | DIN = aaaaaaaa | EVEN = 1 | ODD = 0 
Simulation complete via $finish(1) at time 50 NS + 0
./tb_parity.v:24 	#10 $finish;
xcelium> ^C
xcelium> exit
TOOL:	xmsim(64)	22.03-s012: Exiting on Aug 11, 2026 at 22:53:52 KST  (total: 00:00:32)
