xmelab(64): 22.03-s012: (c) Copyright 1995-2023 Cadence Design Systems, Inc.
TOOL:	xmelab(64)	22.03-s012: Started on Aug 12, 2026 at 02:40:24 KST
xmelab
    -MESS
    -access rwc
    tb_up_down_counter

	Elaborating the design hierarchy:
		Caching library 'work_lib' ....... Done
	Building instance overlay tables: .................... Done
	Generating native compiled code:
		work_lib.up_down_counter:module <0x0cf2c067>
			streams:   4, words:  1436
		work_lib.tb_up_down_counter:module <0x7c3404ad>
			streams:   8, words:  8118
	Building instance specific data structures.
	Loading native compiled code:     .................... Done
	Design hierarchy summary:
		                 Instances  Unique
		Modules:                 2       2
		Registers:               4       4
		Scalar wires:            3       -
		Vectored wires:          1       -
		Always blocks:           2       2
		Initial blocks:          3       3
		Pseudo assignments:      3       3
		Simulation timescale:  1ps
	Writing initial simulation snapshot: work_lib.tb_up_down_counter:module
TOOL:	xmelab(64)	22.03-s012: Exiting on Aug 12, 2026 at 02:40:24 KST  (total: 00:00:00)
