xmelab(64): 22.03-s012: (c) Copyright 1995-2023 Cadence Design Systems, Inc.
TOOL:	xmelab(64)	22.03-s012: Started on Aug 10, 2026 at 23:08:11 KST
xmelab
    -MESS
    -access rwc
    tb_demux

	Elaborating the design hierarchy:
		Caching library 'work_lib' ....... Done
	Building instance overlay tables: .................... Done
	Generating native compiled code:
		work_lib.demux:module <0x1b48fdda>
			streams:   1, words:  1401
		work_lib.tb_demux:module <0x6984a75f>
			streams:   6, words:  8704
	Building instance specific data structures.
	Loading native compiled code:     .................... Done
	Design hierarchy summary:
		                 Instances  Unique
		Modules:                 2       2
		Registers:               4       4
		Scalar wires:            1       -
		Vectored wires:          3       -
		Always blocks:           1       1
		Initial blocks:          3       3
		Pseudo assignments:      2       2
		Simulation timescale:  1ps
	Writing initial simulation snapshot: work_lib.tb_demux:module
TOOL:	xmelab(64)	22.03-s012: Exiting on Aug 10, 2026 at 23:08:11 KST  (total: 00:00:00)
