xmsim(64): 22.03-s012: (c) Copyright 1995-2023 Cadence Design Systems, Inc.
TOOL:	xmsim(64)	22.03-s012: Started on Aug 10, 2026 at 23:08:11 KST
xmsim
    -gui
    -MESS
    tb_demux

xmsim: *W,NOMTDGUI: Multi-Threaded Dumping is disabled for interactive debug mode.

-------------------------------------
Relinquished control to SimVision...
xcelium> 
xcelium> database -open waves -into waves.shm -default
Created default SHM database waves
xcelium> probe -create -shm tb_demux.i_din tb_demux.i_sel tb_demux.o_y0 tb_demux.o_y1
Created probe 1
xcelium> run
TIME=0 | DIN = 00000000 | SEL = 0 | Y0 = 00000000 | Y1 = 00000000 
TIME=10000 | DIN = 12345678 | SEL = 0 | Y0 = 12345678 | Y1 = 00000000 
TIME=20000 | DIN = 12345678 | SEL = 1 | Y0 = 00000000 | Y1 = 12345678 
TIME=30000 | DIN = abcdef01 | SEL = 0 | Y0 = abcdef01 | Y1 = 00000000 
TIME=40000 | DIN = abcdef01 | SEL = 1 | Y0 = 00000000 | Y1 = abcdef01 
TIME=50000 | DIN = ffff0000 | SEL = 0 | Y0 = ffff0000 | Y1 = 00000000 
Simulation complete via $finish(1) at time 60 NS + 0
./tb_demux.v:51 	$finish			;
xcelium> ^C
xcelium> exit
TOOL:	xmsim(64)	22.03-s012: Exiting on Aug 10, 2026 at 23:16:49 KST  (total: 00:08:38)
