xmelab(64): 22.03-s012: (c) Copyright 1995-2023 Cadence Design Systems, Inc.
TOOL:	xmelab(64)	22.03-s012: Started on Aug 12, 2026 at 05:40:11 KST
xmelab
    -MESS
    -access rwc
    tb_fifo

	Elaborating the design hierarchy:
		Caching library 'work_lib' ....... Done
	Building instance overlay tables: .................... Done
	Generating native compiled code:
		work_lib.fifo:module <0x41a9e00d>
			streams:  14, words:  5791
		work_lib.tb_fifo:module <0x1f4f97a0>
			streams:   9, words: 10798
	Building instance specific data structures.
	Loading native compiled code:     .................... Done
	Design hierarchy summary:
		                 Instances  Unique
		Modules:                 2       2
		Registers:              10      10
		Scalar wires:            6       -
		Vectored wires:          2       -
		Always blocks:           1       1
		Initial blocks:          3       3
		Cont. assignments:       2       2
		Pseudo assignments:      5       5
		Simulation timescale:  1ps
	Writing initial simulation snapshot: work_lib.tb_fifo:module
TOOL:	xmelab(64)	22.03-s012: Exiting on Aug 12, 2026 at 05:40:12 KST  (total: 00:00:01)
