xmsim(64): 22.03-s012: (c) Copyright 1995-2023 Cadence Design Systems, Inc.
TOOL:	xmsim(64)	22.03-s012: Started on Aug 12, 2026 at 05:40:12 KST
xmsim
    -gui
    -MESS
    tb_fifo

xmsim: *W,NOMTDGUI: Multi-Threaded Dumping is disabled for interactive debug mode.

-------------------------------------
Relinquished control to SimVision...
xcelium> 
xcelium> database -open waves -into waves.shm -default
Created default SHM database waves
xcelium> probe -create -shm tb_fifo.i_clk tb_fifo.i_din tb_fifo.i_rd_en tb_fifo.i_rst_n tb_fifo.i_wr_en tb_fifo.o_dout tb_fifo.o_empty tb_fifo.o_full
Created probe 1
xcelium> run
TIME = 0 | WR = 0 | RD = 0 | DIN = 00000000 | DOUT = 00000000 | FULL = 0 | EMPTY = 1
TIME = 20000 | WR = 1 | RD = 0 | DIN = 11111111 | DOUT = 00000000 | FULL = 0 | EMPTY = 1
TIME = 30000 | WR = 1 | RD = 0 | DIN = 22222222 | DOUT = 00000000 | FULL = 0 | EMPTY = 1
TIME = 40000 | WR = 1 | RD = 0 | DIN = 33333333 | DOUT = 00000000 | FULL = 0 | EMPTY = 1
TIME = 50000 | WR = 0 | RD = 0 | DIN = 33333333 | DOUT = 00000000 | FULL = 0 | EMPTY = 1
TIME = 60000 | WR = 0 | RD = 1 | DIN = 33333333 | DOUT = 00000000 | FULL = 0 | EMPTY = 1
TIME = 90000 | WR = 0 | RD = 0 | DIN = 33333333 | DOUT = 00000000 | FULL = 0 | EMPTY = 1
Simulation complete via $finish(1) at time 110 NS + 0
./tb_fifo.v:48 	#20 $finish;
xcelium> run
xmsim: *E,RNFNSH: Cannot continue simulation due to a previous $finish.
xcelium> run
xmsim: *E,RNFNSH: Cannot continue simulation due to a previous $finish.
xcelium> run
xmsim: *E,RNFNSH: Cannot continue simulation due to a previous $finish.
xcelium> ^C
xcelium> exit
TOOL:	xmsim(64)	22.03-s012: Exiting on Aug 12, 2026 at 05:45:17 KST  (total: 00:05:05)
