xmelab(64): 22.03-s012: (c) Copyright 1995-2023 Cadence Design Systems, Inc.
TOOL:	xmelab(64)	22.03-s012: Started on Aug 11, 2026 at 23:05:31 KST
xmelab
    -MESS
    -access rwc
    tb_shifter

	Elaborating the design hierarchy:
		Caching library 'work_lib' ....... Done
	Building instance overlay tables: .................... Done
	Generating native compiled code:
		work_lib.shifter:module <0x3edc5baf>
			streams:   1, words:   586
		work_lib.tb_shifter:module <0x013710a7>
			streams:   7, words:  9450
	Building instance specific data structures.
	Loading native compiled code:     .................... Done
	Design hierarchy summary:
		                 Instances  Unique
		Modules:                 2       2
		Registers:               3       3
		Scalar wires:            1       -
		Vectored wires:          3       -
		Initial blocks:          3       3
		Cont. assignments:       1       1
		Pseudo assignments:      3       3
		Simulation timescale:  1ps
	Writing initial simulation snapshot: work_lib.tb_shifter:module
TOOL:	xmelab(64)	22.03-s012: Exiting on Aug 11, 2026 at 23:05:31 KST  (total: 00:00:00)
