xmsim(64): 22.03-s012: (c) Copyright 1995-2023 Cadence Design Systems, Inc.
TOOL:	xmsim(64)	22.03-s012: Started on Aug 11, 2026 at 23:05:31 KST
xmsim
    -gui
    -MESS
    tb_shifter

xmsim: *W,NOMTDGUI: Multi-Threaded Dumping is disabled for interactive debug mode.

-------------------------------------
Relinquished control to SimVision...
xcelium> 
xcelium> database -open waves -into waves.shm -default
Created default SHM database waves
xcelium> probe -create -shm tb_shifter.i_din tb_shifter.i_dir tb_shifter.i_shamt tb_shifter.o_dout
Created probe 1
xcelium> run
TIME = 0 | DIN = 00000001 | SHAMT =  1 | DOUT = 0         2
TIME = 10000 | DIN = 00000001 | SHAMT =  4 | DOUT = 0        16
TIME = 20000 | DIN = 80000000 | SHAMT =  4 | DOUT = 1 134217728
TIME = 30000 | DIN = 12345678 | SHAMT =  8 | DOUT = 0 878082048
TIME = 40000 | DIN = 00002862 | SHAMT =  8 | DOUT = 1        40
Simulation complete via $finish(1) at time 50 NS + 0
./tb_shifter.v:44 	$finish;
xcelium> ^C
xcelium> exit
TOOL:	xmsim(64)	22.03-s012: Exiting on Aug 11, 2026 at 23:06:19 KST  (total: 00:00:48)
