xmelab(64): 22.03-s012: (c) Copyright 1995-2023 Cadence Design Systems, Inc.
TOOL:	xmelab(64)	22.03-s012: Started on Aug 12, 2026 at 08:23:13 KST
xmelab
    -MESS
    -access rwc
    tb_pwm

	Elaborating the design hierarchy:
		Caching library 'work_lib' ....... Done
	Building instance overlay tables: .................... Done
	Generating native compiled code:
		work_lib.pwm:module <0x6ebbdaab>
			streams:   4, words:  1180
		work_lib.tb_pwm:module <0x1bebd70d>
			streams:   8, words:  8023
	Building instance specific data structures.
	Loading native compiled code:     .................... Done
	Design hierarchy summary:
		                 Instances  Unique
		Modules:                 2       2
		Registers:               4       4
		Scalar wires:            3       -
		Vectored wires:          1       -
		Always blocks:           1       1
		Initial blocks:          4       4
		Cont. assignments:       1       1
		Pseudo assignments:      3       3
		Simulation timescale:  1ps
	Writing initial simulation snapshot: work_lib.tb_pwm:module
TOOL:	xmelab(64)	22.03-s012: Exiting on Aug 12, 2026 at 08:23:13 KST  (total: 00:00:00)
