xmelab(64): 22.03-s012: (c) Copyright 1995-2023 Cadence Design Systems, Inc.
TOOL:	xmelab(64)	22.03-s012: Started on Aug 11, 2026 at 00:18:47 KST
xmelab
    -MESS
    -access rwc
    tb_full_adder

	Elaborating the design hierarchy:
		Caching library 'work_lib' ....... Done
	Building instance overlay tables: .................... Done
	Generating native compiled code:
		work_lib.half_adder:module <0x0ffbd3a0>
			streams:   3, words:   553
		work_lib.full_adder:module <0x74d02a7e>
			streams:   2, words:   439
		work_lib.tb_full_adder:module <0x22e2a9cd>
			streams:   7, words: 11382
	Building instance specific data structures.
	Loading native compiled code:     .................... Done
	Design hierarchy summary:
		                 Instances  Unique
		Modules:                 4       3
		Registers:               3       3
		Vectored wires:          8       -
		Initial blocks:          3       3
		Cont. assignments:       5       3
		Pseudo assignments:      3       3
		Simulation timescale:  1ps
	Writing initial simulation snapshot: work_lib.tb_full_adder:module
TOOL:	xmelab(64)	22.03-s012: Exiting on Aug 11, 2026 at 00:18:47 KST  (total: 00:00:00)
