xmsim(64): 22.03-s012: (c) Copyright 1995-2023 Cadence Design Systems, Inc.
TOOL:	xmsim(64)	22.03-s012: Started on Aug 11, 2026 at 00:18:47 KST
xmsim
    -gui
    -MESS
    tb_full_adder

xmsim: *W,NOMTDGUI: Multi-Threaded Dumping is disabled for interactive debug mode.

-------------------------------------
Relinquished control to SimVision...
xcelium> 
xcelium> database -open waves -into waves.shm -default
Created default SHM database waves
xcelium> probe -create -shm tb_full_adder.i_a tb_full_adder.i_b tb_full_adder.i_cin tb_full_adder.o_cout tb_full_adder.o_sum
Created probe 1
xcelium> run
Time = 0 | A = 00000000 | B = 00000000 | CIN = 00000000 | SUM = 00000000 | COUT = 00000000
Time = 20000 | A = 00000001 | B = 00000001 | CIN = 00000000 | SUM = 00000000 | COUT = 00000001
Time = 30000 | A = 00000001 | B = 00000001 | CIN = 00000001 | SUM = 00000001 | COUT = 00000001
Time = 40000 | A = 12345678 | B = 87654321 | CIN = 00000000 | SUM = 95511559 | COUT = 02244220
Time = 50000 | A = ffffffff | B = ffffffff | CIN = ffffffff | SUM = ffffffff | COUT = ffffffff
Time = 60000 | A = aaaaaaaa | B = 55555555 | CIN = 00000000 | SUM = ffffffff | COUT = 00000000
Simulation complete via $finish(1) at time 70 NS + 0
./tb_full_adder.v:70 	$finish;
xcelium> ^C
xcelium> exit
TOOL:	xmsim(64)	22.03-s012: Exiting on Aug 11, 2026 at 00:19:26 KST  (total: 00:00:39)
