============================================================
  Generated by:           Genus(TM) Synthesis Solution 22.17-s071_1
  Generated on:           Aug 25 2026  12:12:05 am
  Module:                 top_uart_calculator
  Operating conditions:   PVT_0P9V_125C (balanced_tree)
  Wireload mode:          enclosed
  Area mode:              timing library
============================================================

Timing
-------
  Cost    Critical         Violating 
 Group   Path Slack  TNS     Paths   
-------------------------------------
default    No paths   0.0            
-------------------------------------
Total                 0.0          0 

Instance Count
--------------
Leaf Instance Count             0 
Physical Instance count         0 
Sequential Instance Count       0 
Combinational Instance Count    0 
Hierarchical Instance Count     6 

Area
----
Cell Area                          0.000
Physical Cell Area                 0.000
Total Cell Area (Cell+Physical)    0.000
Net Area                           0.000
Total Area (Cell+Physical+Net)     0.000

Max Fanout                         6 (i_clk)
Min Fanout                         1 (w_a[0])
Average Fanout                     1.2
Terms to net ratio                 0.0000
Runtime                            17.972975 seconds
Elapsed Runtime                    20 seconds
Genus peak memory usage            1772.78 
Innovus peak memory usage          no_value 
Hostname                           localhost
