xmelab(64): 22.03-s012: (c) Copyright 1995-2023 Cadence Design Systems, Inc.
TOOL:	xmelab(64)	22.03-s012: Started on Aug 12, 2026 at 02:28:00 KST
xmelab
    -MESS
    -access rwc
    tb_counter

	Elaborating the design hierarchy:
		Caching library 'work_lib' ....... Done
	Building instance overlay tables: .................... Done
	Generating native compiled code:
		work_lib.counter:module <0x64274d67>
			streams:   3, words:   992
		work_lib.tb_counter:module <0x64505ad3>
			streams:   7, words:  7332
	Building instance specific data structures.
	Loading native compiled code:     .................... Done
	Design hierarchy summary:
		                 Instances  Unique
		Modules:                 2       2
		Registers:               3       3
		Scalar wires:            2       -
		Vectored wires:          1       -
		Always blocks:           2       2
		Initial blocks:          3       3
		Pseudo assignments:      2       2
		Simulation timescale:  1ps
	Writing initial simulation snapshot: work_lib.tb_counter:module
TOOL:	xmelab(64)	22.03-s012: Exiting on Aug 12, 2026 at 02:28:00 KST  (total: 00:00:00)
