xmsim(64): 22.03-s012: (c) Copyright 1995-2023 Cadence Design Systems, Inc.
TOOL:	xmsim(64)	22.03-s012: Started on Aug 12, 2026 at 02:28:00 KST
xmsim
    -gui
    -MESS
    tb_counter

xmsim: *W,NOMTDGUI: Multi-Threaded Dumping is disabled for interactive debug mode.

-------------------------------------
Relinquished control to SimVision...
xcelium> 
xcelium> database -open waves -into waves.shm -default
Created default SHM database waves
xcelium> probe -create -shm tb_counter.i_clk tb_counter.i_rst_n tb_counter.o_count
Created probe 1
xcelium> run
TIME = 0 | CLK = 0 | RST_N = 0 | COUNT = 00000000
TIME = 5000 | CLK = 1 | RST_N = 0 | COUNT = 00000000
TIME = 10000 | CLK = 0 | RST_N = 1 | COUNT = 00000000
TIME = 15000 | CLK = 1 | RST_N = 1 | COUNT = 00000001
TIME = 20000 | CLK = 0 | RST_N = 1 | COUNT = 00000001
TIME = 25000 | CLK = 1 | RST_N = 1 | COUNT = 00000002
TIME = 30000 | CLK = 0 | RST_N = 1 | COUNT = 00000002
TIME = 35000 | CLK = 1 | RST_N = 1 | COUNT = 00000003
TIME = 40000 | CLK = 0 | RST_N = 1 | COUNT = 00000003
TIME = 45000 | CLK = 1 | RST_N = 1 | COUNT = 00000004
TIME = 50000 | CLK = 0 | RST_N = 1 | COUNT = 00000004
TIME = 55000 | CLK = 1 | RST_N = 1 | COUNT = 00000005
TIME = 60000 | CLK = 0 | RST_N = 0 | COUNT = 00000000
TIME = 65000 | CLK = 1 | RST_N = 0 | COUNT = 00000000
TIME = 70000 | CLK = 0 | RST_N = 1 | COUNT = 00000000
TIME = 75000 | CLK = 1 | RST_N = 1 | COUNT = 00000001
TIME = 80000 | CLK = 0 | RST_N = 1 | COUNT = 00000001
TIME = 85000 | CLK = 1 | RST_N = 1 | COUNT = 00000002
TIME = 90000 | CLK = 0 | RST_N = 1 | COUNT = 00000002
TIME = 95000 | CLK = 1 | RST_N = 1 | COUNT = 00000003
TIME = 100000 | CLK = 0 | RST_N = 1 | COUNT = 00000003
TIME = 105000 | CLK = 1 | RST_N = 1 | COUNT = 00000004
TIME = 110000 | CLK = 0 | RST_N = 1 | COUNT = 00000004
TIME = 115000 | CLK = 1 | RST_N = 1 | COUNT = 00000005
Simulation complete via $finish(1) at time 120 NS + 0
./tb_counter.v:31 	$finish;
xcelium> ^C
xcelium> exit
TOOL:	xmsim(64)	22.03-s012: Exiting on Aug 12, 2026 at 02:28:38 KST  (total: 00:00:38)
