xmelab(64): 22.03-s012: (c) Copyright 1995-2023 Cadence Design Systems, Inc.
TOOL:	xmelab(64)	22.03-s012: Started on Aug 10, 2026 at 23:40:06 KST
xmelab
    -MESS
    -access rwc
    tb_half_adder

	Elaborating the design hierarchy:
		Caching library 'work_lib' ....... Done
	Building instance overlay tables: .................... Done
	Generating native compiled code:
		work_lib.half_adder:module <0x4253e863>
			streams:   3, words:   553
		work_lib.tb_half_adder:module <0x5967c230>
			streams:   6, words:  8889
	Building instance specific data structures.
	Loading native compiled code:     .................... Done
	Design hierarchy summary:
		                 Instances  Unique
		Modules:                 2       2
		Registers:               2       2
		Vectored wires:          4       -
		Initial blocks:          3       3
		Cont. assignments:       2       2
		Pseudo assignments:      2       2
		Simulation timescale:  1ps
	Writing initial simulation snapshot: work_lib.tb_half_adder:module
TOOL:	xmelab(64)	22.03-s012: Exiting on Aug 10, 2026 at 23:40:06 KST  (total: 00:00:00)
