xmsim(64): 22.03-s012: (c) Copyright 1995-2023 Cadence Design Systems, Inc.
TOOL:	xmsim(64)	22.03-s012: Started on Aug 10, 2026 at 23:40:06 KST
xmsim
    -gui
    -MESS
    tb_half_adder

xmsim: *W,NOMTDGUI: Multi-Threaded Dumping is disabled for interactive debug mode.

-------------------------------------
Relinquished control to SimVision...
xcelium> 
xcelium> database -open waves -into waves.shm -default
Created default SHM database waves
xcelium> probe -create -shm tb_half_adder.i_a tb_half_adder.i_b tb_half_adder.o_carry tb_half_adder.o_sum
Created probe 1
xcelium> run
TIME = 0 | A = 00000000 | B = 00000000 | SUM = 00000000 | CARRY = 00000000
TIME = 20000 | A = 00000001 | B = 00000001 | SUM = 00000000 | CARRY = 00000001
TIME = 30000 | A = 12345678 | B = 87654321 | SUM = 95511559 | CARRY = 02244220
TIME = 40000 | A = ffffffff | B = ffffffff | SUM = 00000000 | CARRY = ffffffff
TIME = 50000 | A = aaaaaaaa | B = 55555555 | SUM = ffffffff | CARRY = 00000000
Simulation complete via $finish(1) at time 60 NS + 0
./tb_half_adder.v:53 	$finish;
xcelium> ^C
xcelium> exit
TOOL:	xmsim(64)	22.03-s012: Exiting on Aug 10, 2026 at 23:41:42 KST  (total: 00:01:36)
