xmelab(64): 22.03-s012: (c) Copyright 1995-2023 Cadence Design Systems, Inc.
TOOL:	xmelab(64)	22.03-s012: Started on Aug 11, 2026 at 23:59:26 KST
xmelab
    -MESS
    -access rwc
    tb_alu

	Elaborating the design hierarchy:
		Caching library 'work_lib' ....... Done
	Building instance overlay tables: .................... Done
	Generating native compiled code:
		work_lib.alu:module <0x79c3d712>
			streams:   2, words:  3426
		work_lib.tb_alu:module <0x43438b1a>
			streams:   4, words:  4955
	Building instance specific data structures.
	Loading native compiled code:     .................... Done
	Design hierarchy summary:
		                 Instances  Unique
		Modules:                 2       2
		Registers:               4       4
		Scalar wires:            1       -
		Vectored wires:          4       -
		Always blocks:           1       1
		Initial blocks:          1       1
		Cont. assignments:       1       1
		Pseudo assignments:      3       3
		Simulation timescale:  1ps
	Writing initial simulation snapshot: work_lib.tb_alu:module
TOOL:	xmelab(64)	22.03-s012: Exiting on Aug 11, 2026 at 23:59:26 KST  (total: 00:00:00)
