xmsim(64): 22.03-s012: (c) Copyright 1995-2023 Cadence Design Systems, Inc.
TOOL:	xmsim(64)	22.03-s012: Started on Aug 11, 2026 at 23:59:26 KST
xmsim
    -gui
    -MESS
    tb_alu

xmsim: *W,NOMTDGUI: Multi-Threaded Dumping is disabled for interactive debug mode.

-------------------------------------
Relinquished control to SimVision...
xcelium> 
xcelium> database -open waves -into waves.shm -default
Created default SHM database waves
xcelium> probe -create -shm tb_alu.i_a tb_alu.i_b tb_alu.i_op tb_alu.o_y tb_alu.o_zero
Created probe 1
xcelium> run
Simulation complete via $finish(1) at time 90 NS + 0
./tb_alu.v:38 	#10 $finish;
xcelium> ^C
xcelium> exit
TOOL:	xmsim(64)	22.03-s012: Exiting on Aug 12, 2026 at 00:03:18 KST  (total: 00:03:52)
