xmelab(64): 22.03-s012: (c) Copyright 1995-2023 Cadence Design Systems, Inc.
TOOL:	xmelab(64)	22.03-s012: Started on Aug 11, 2026 at 23:44:18 KST
xmelab
    -MESS
    -access rwc
    tb_barrel_shifter

	Elaborating the design hierarchy:
		Caching library 'work_lib' ....... Done
	Building instance overlay tables: .................... Done
	Generating native compiled code:
		work_lib.barrel_shifter:module <0x076b6e1e>
			streams:   5, words:  3648
		work_lib.tb_barrel_shifter:module <0x6fca65b8>
			streams:   7, words:  9633
	Building instance specific data structures.
	Loading native compiled code:     .................... Done
	Design hierarchy summary:
		                 Instances  Unique
		Modules:                 2       2
		Registers:               3       3
		Scalar wires:            1       -
		Vectored wires:          7       -
		Initial blocks:          3       3
		Cont. assignments:       5       5
		Pseudo assignments:      3       3
		Simulation timescale:  1ps
	Writing initial simulation snapshot: work_lib.tb_barrel_shifter:module
TOOL:	xmelab(64)	22.03-s012: Exiting on Aug 11, 2026 at 23:44:18 KST  (total: 00:00:00)
