xmsim(64): 22.03-s012: (c) Copyright 1995-2023 Cadence Design Systems, Inc.
TOOL:	xmsim(64)	22.03-s012: Started on Aug 11, 2026 at 23:44:18 KST
xmsim
    -gui
    -MESS
    tb_barrel_shifter

xmsim: *W,NOMTDGUI: Multi-Threaded Dumping is disabled for interactive debug mode.

-------------------------------------
Relinquished control to SimVision...
xcelium> 
xcelium> database -open waves -into waves.shm -default
Created default SHM database waves
xcelium> probe -create -shm tb_barrel_shifter.i_din tb_barrel_shifter.i_dir tb_barrel_shifter.i_shamt tb_barrel_shifter.o_dout
Created probe 1
xcelium> run
TIME = 0 | DIN = 00000001 | SHAMT =  1 | DIR = 0 | DOUT = 00000002 
TIME = 10000 | DIN = 00000001 | SHAMT =  8 | DIR = 0 | DOUT = 00000100 
TIME = 20000 | DIN = 80000000 | SHAMT =  4 | DIR = 1 | DOUT = 08000000 
TIME = 30000 | DIN = 12345678 | SHAMT = 13 | DIR = 0 | DOUT = 8acf0000 
TIME = 40000 | DIN = 12345678 | SHAMT = 13 | DIR = 1 | DOUT = 00123456 
Simulation complete via $finish(1) at time 50 NS + 0
./tb_barrel.shifter.v:44 	$finish;
xcelium> ^C
xcelium> exit
TOOL:	xmsim(64)	22.03-s012: Exiting on Aug 11, 2026 at 23:47:47 KST  (total: 00:03:29)
