============================================================
  Generated by:           Genus(TM) Synthesis Solution 22.17-s071_1
  Generated on:           Aug 18 2026  09:59:13 am
  Module:                 fifo
  Operating conditions:   PVT_0P9V_125C (balanced_tree)
  Wireload mode:          enclosed
  Area mode:              timing library
============================================================


Path 1: MET (7706 ps) Setup Check with Pin o_dout_reg[13]/CK->D
          Group: clk
     Startpoint: (R) i_rd_en
          Clock: (R) clk
       Endpoint: (R) o_dout_reg[13]/D
          Clock: (R) clk

                     Capture       Launch     
        Clock Edge:+   10000            0     
        Drv Adjust:+       0            0     
       Src Latency:+       0            0     
       Net Latency:+       0 (I)        0 (I) 
           Arrival:=   10000            0     
                                              
             Setup:-     101                  
       Uncertainty:-      10                  
     Required Time:=    9889                  
      Launch Clock:-       0                  
       Input Delay:-    1000                  
         Data Path:-    1183                  
             Slack:=    7706                  

Exceptions/Constraints:
  input_delay             1000            fifo.sdc_line_10 

#-----------------------------------------------------------------------------------------
#  Timing Point    Flags   Arc   Edge   Cell     Fanout Load Trans Delay Arrival Instance 
#                                                       (fF)  (ps)  (ps)   (ps)  Location 
#-----------------------------------------------------------------------------------------
  i_rd_en          -       -     R     (arrival)     10  3.8     0     0    1000    (-,-) 
  g8188/Y          -       A->Y  F     INVX1          5  1.8    53    34    1034    (-,-) 
  g8154__5107/Y    -       A->Y  R     NOR2X1         4  1.8   106   103    1138    (-,-) 
  g8152/Y          -       A->Y  F     INVX2         36 12.4   180   152    1289    (-,-) 
  g8142__4733/Y    -       B->Y  R     NOR2X1         3  0.6    70   133    1422    (-,-) 
  g8134__1617/Y    -       AN->Y R     NOR2BX1        2  0.4    49   112    1534    (-,-) 
  g8123__6417/Y    -       B->Y  R     AND2X2        32 12.8   161   242    1776    (-,-) 
  g7810__7482/Y    -       B1->Y F     AOI222X1       1  0.3   159   173    1949    (-,-) 
  g7730__6161/Y    -       B->Y  R     NAND2X1        1  0.4    48   106    2055    (-,-) 
  g7707__1705/Y    -       C0->Y F     AOI221X1       1  0.3   118    47    2102    (-,-) 
  g7666__1705/Y    -       B->Y  R     NAND2X1        1  0.3    41    81    2183    (-,-) 
  o_dout_reg[13]/D <<<     -     R     DFFRHQX1       1    -     -     0    2183    (-,-) 
#-----------------------------------------------------------------------------------------

