============================================================
  Generated by:           Genus(TM) Synthesis Solution 22.17-s071_1
  Generated on:           Aug 18 2026  09:59:13 am
  Module:                 fifo
  Operating conditions:   PVT_0P9V_125C (balanced_tree)
  Wireload mode:          enclosed
  Area mode:              timing library
============================================================

Timing
--------

Clock  Period 
--------------
clk   10000.0 


  Cost    Critical         Violating 
 Group   Path Slack  TNS     Paths   
-------------------------------------
clk          7706.2   0.0          0 
default    No paths   0.0            
-------------------------------------
Total                 0.0          0 

Instance Count
--------------
Leaf Instance Count             562 
Physical Instance count           0 
Sequential Instance Count       298 
Combinational Instance Count    264 
Hierarchical Instance Count       0 

Area
----
Cell Area                          2677.176
Physical Cell Area                 0.000
Total Cell Area (Cell+Physical)    2677.176
Net Area                           0.000
Total Area (Cell+Physical+Net)     2677.176

Max Fanout                         298 (i_clk)
Min Fanout                         1 (n_0)
Average Fanout                     3.4
Terms to net ratio                 4.3794
Terms to instance ratio            4.6833
Runtime                            27.866852 seconds
Elapsed Runtime                    29 seconds
Genus peak memory usage            1793.20 
Innovus peak memory usage          no_value 
Hostname                           localhost
