xmelab(64): 22.03-s012: (c) Copyright 1995-2023 Cadence Design Systems, Inc.
TOOL:	xmelab(64)	22.03-s012: Started on Aug 12, 2026 at 00:42:47 KST
xmelab
    -MESS
    -access rwc
    tb_priority_encoder

	Elaborating the design hierarchy:
		Caching library 'work_lib' ....... Done
	Building instance overlay tables: .................... Done
	Generating native compiled code:
		work_lib.priority_encoder_8:module <0x38b77111>
			streams:   1, words:  2703
		work_lib.priority_encoder:module <0x72b251a1>
			streams:   5, words:  1863
		work_lib.tb_priority_encoder:module <0x3121f33c>
			streams:   5, words:  6864
	Building instance specific data structures.
	Loading native compiled code:     .................... Done
	Design hierarchy summary:
		                 Instances  Unique
		Modules:                 6       3
		Registers:               9       3
		Scalar wires:            5       -
		Vectored wires:         10       -
		Always blocks:           4       1
		Initial blocks:          3       3
		Cont. assignments:       1       2
		Pseudo assignments:      5       5
		Simulation timescale:  1ps
	Writing initial simulation snapshot: work_lib.tb_priority_encoder:module
TOOL:	xmelab(64)	22.03-s012: Exiting on Aug 12, 2026 at 00:42:47 KST  (total: 00:00:00)
