xmelab(64): 22.03-s012: (c) Copyright 1995-2023 Cadence Design Systems, Inc.
TOOL:	xmelab(64)	22.03-s012: Started on Aug 11, 2026 at 01:05:52 KST
xmelab
    -MESS
    -access rwc
    tb_ripple_carry_adder

	Elaborating the design hierarchy:
		Caching library 'work_lib' ....... Done
	.o_cout	(o_cout	)
	       	      |
xmelab: *W,CUVMPW (./tb_ripple_carry_adder.v,17|15): port sizes differ in port connection(1/32) for the instance(tb_ripple_carry_adder) .
	Building instance overlay tables: .................... Done
	Generating native compiled code:
		work_lib.half_adder:module <0x4e87803b>
			streams:   0, words:     0
		work_lib.full_adder:module <0x7f313fd4>
			streams:   0, words:     0
		work_lib.tb_ripple_carry_adder:module <0x63dd39a9>
			streams:   7, words: 11960
		work_lib.ripple_carry_adder:module <0x320ddd8f>
			streams:   1, words:   448
	Building instance specific data structures.
	Loading native compiled code:     .................... Done
	Design hierarchy summary:
		                 Instances  Unique
		Modules:                98       4
		Registers:               3       3
		Scalar wires:          162       -
		Expanded wires:         96       3
		Initial blocks:          3       3
		Cont. assignments:       1       5
		Pseudo assignments:      3       3
		Simulation timescale:  1ps
	Writing initial simulation snapshot: work_lib.tb_ripple_carry_adder:module
TOOL:	xmelab(64)	22.03-s012: Exiting on Aug 11, 2026 at 01:05:52 KST  (total: 00:00:00)
