xmelab(64): 22.03-s012: (c) Copyright 1995-2023 Cadence Design Systems, Inc.
TOOL:	xmelab(64)	22.03-s012: Started on Aug 12, 2026 at 06:21:30 KST
xmelab
    -MESS
    -access rwc
    tb_fsm

	Elaborating the design hierarchy:
		Caching library 'work_lib' ....... Done
	Building instance overlay tables: .................... Done
	Generating native compiled code:
		work_lib.fsm:module <0x4c4f9360>
			streams:   5, words:  2889
		work_lib.tb_fsm:module <0x3f83b88d>
			streams:   8, words: 12060
	Building instance specific data structures.
	Loading native compiled code:     .................... Done
	Design hierarchy summary:
		                 Instances  Unique
		Modules:                 2       2
		Registers:               5       5
		Scalar wires:            4       -
		Always blocks:           2       2
		Initial blocks:          4       4
		Cont. assignments:       1       1
		Pseudo assignments:      3       3
		Simulation timescale:  1ps
	Writing initial simulation snapshot: work_lib.tb_fsm:module
TOOL:	xmelab(64)	22.03-s012: Exiting on Aug 12, 2026 at 06:21:30 KST  (total: 00:00:00)
