xmsim(64): 22.03-s012: (c) Copyright 1995-2023 Cadence Design Systems, Inc.
TOOL:	xmsim(64)	22.03-s012: Started on Aug 12, 2026 at 06:21:30 KST
xmsim
    -gui
    -MESS
    tb_fsm

xmsim: *W,NOMTDGUI: Multi-Threaded Dumping is disabled for interactive debug mode.

-------------------------------------
Relinquished control to SimVision...
xcelium> 
xcelium> database -open waves -into waves.shm -default
Created default SHM database waves
xcelium> probe -create -shm tb_fsm.i_clk tb_fsm.i_din tb_fsm.i_rst_n tb_fsm.o_dout
Created probe 1
xcelium> run
TIME = 0 | DIN = 0 | DOUT = 0
TIME = 50000 | DIN = 1 | DOUT = 0
TIME = 75000 | DIN = 1 | DOUT = 1
TIME = 80000 | DIN = 0 | DOUT = 1
TIME = 85000 | DIN = 0 | DOUT = 0
TIME = 100000 | DIN = 1 | DOUT = 0
TIME = 125000 | DIN = 1 | DOUT = 1
TIME = 130000 | DIN = 1 | DOUT = 0
Simulation complete via $finish(1) at time 170 NS + 0
./tb_fsm.v:56 	#10 $finish;
xcelium> ^C
xcelium> exit
TOOL:	xmsim(64)	22.03-s012: Exiting on Aug 12, 2026 at 06:22:19 KST  (total: 00:00:49)
