xmelab(64): 22.03-s012: (c) Copyright 1995-2023 Cadence Design Systems, Inc.
TOOL:	xmelab(64)	22.03-s012: Started on Aug 12, 2026 at 01:53:38 KST
xmelab
    -MESS
    -access rwc
    tb_dff

	Elaborating the design hierarchy:
		Caching library 'work_lib' ....... Done
	Building instance overlay tables: .................... Done
	Generating native compiled code:
		work_lib.dff:module <0x26bf7781>
			streams:   2, words:   536
		work_lib.tb_dff:module <0x707acaee>
			streams:   7, words:  7596
	Building instance specific data structures.
	Loading native compiled code:     .................... Done
	Design hierarchy summary:
		                 Instances  Unique
		Modules:                 2       2
		Registers:               3       3
		Scalar wires:            1       -
		Vectored wires:          2       -
		Always blocks:           2       2
		Initial blocks:          3       3
		Pseudo assignments:      2       2
		Simulation timescale:  1ps
	Writing initial simulation snapshot: work_lib.tb_dff:module
TOOL:	xmelab(64)	22.03-s012: Exiting on Aug 12, 2026 at 01:53:38 KST  (total: 00:00:00)
