xmsim(64): 22.03-s012: (c) Copyright 1995-2023 Cadence Design Systems, Inc.
TOOL:	xmsim(64)	22.03-s012: Started on Aug 12, 2026 at 01:53:38 KST
xmsim
    -gui
    -MESS
    tb_dff

xmsim: *W,NOMTDGUI: Multi-Threaded Dumping is disabled for interactive debug mode.

-------------------------------------
Relinquished control to SimVision...
xcelium> 
xcelium> database -open waves -into waves.shm -default
Created default SHM database waves
xcelium> probe -create -shm tb_dff.i_clk tb_dff.i_d tb_dff.o_q
Created probe 1
xcelium> run
TIME = 0 | CLK = 0 | D = 00000000 | Q = xxxxxxxx
TIME = 5000 | CLK = 1 | D = 00000000 | Q = 00000000
TIME = 10000 | CLK = 0 | D = 12345678 | Q = 00000000
TIME = 15000 | CLK = 1 | D = 12345678 | Q = 12345678
TIME = 20000 | CLK = 0 | D = 12345678 | Q = 12345678
TIME = 25000 | CLK = 1 | D = 12345678 | Q = 12345678
TIME = 30000 | CLK = 0 | D = aaaaaaaa | Q = 12345678
TIME = 35000 | CLK = 1 | D = aaaaaaaa | Q = aaaaaaaa
TIME = 40000 | CLK = 0 | D = aaaaaaaa | Q = aaaaaaaa
TIME = 45000 | CLK = 1 | D = aaaaaaaa | Q = aaaaaaaa
TIME = 50000 | CLK = 0 | D = ffff0000 | Q = aaaaaaaa
TIME = 55000 | CLK = 1 | D = ffff0000 | Q = ffff0000
TIME = 60000 | CLK = 0 | D = ffff0000 | Q = ffff0000
TIME = 65000 | CLK = 1 | D = ffff0000 | Q = ffff0000
TIME = 70000 | CLK = 0 | D = 55555555 | Q = ffff0000
TIME = 75000 | CLK = 1 | D = 55555555 | Q = 55555555
TIME = 80000 | CLK = 0 | D = 55555555 | Q = 55555555
TIME = 85000 | CLK = 1 | D = 55555555 | Q = 55555555
Simulation complete via $finish(1) at time 90 NS + 0
./tb_dff.v:25 	#20 $finish;
xcelium> ^C
xcelium> exit
TOOL:	xmsim(64)	22.03-s012: Exiting on Aug 12, 2026 at 01:54:02 KST  (total: 00:00:24)
